// Jest Snapshot v1, https://goo.gl/fbAQLP

exports[`CategoryPage test against snapshot 1`] = `
Array [
  <div
    className="css-view-1dbjc4n r-alignItems-1awozwy r-backgroundColor-u5wzg0 r-display-6koalj r-flexDirection-18u37iz r-height-1ph75f1 r-paddingHorizontal-1j3t67a r-paddingTop-sg165l r-position-u8s1d r-width-13qz1uu r-zIndex-136ojw6"
  >
    <div
      className="css-view-1dbjc4n r-cursor-1loqt21 r-touchAction-1otgn73 r-transitionProperty-1i6wzkk r-userSelect-lrvibr"
      onClick={[Function]}
      onContextMenu={[Function]}
      onKeyDown={[Function]}
      role="menu"
      style={
        Object {
          "WebkitTransitionDuration": "0s",
          "transitionDuration": "0s",
        }
      }
      tabIndex="0"
    >
      <div
        className="css-view-1dbjc4n"
      />
    </div>
    <div
      className="css-text-901oao"
      dir="auto"
      style={
        Object {
          "color": "rgba(54,54,53,1.00)",
          "fontSize": "18px",
          "marginLeft": "10px",
        }
      }
    >
      Categories
    </div>
  </div>,
  <div
    className="css-view-1dbjc4n r-backgroundColor-u5wzg0 r-height-1pi2tsx r-paddingHorizontal-1x7blby"
    style={
      Object {
        "paddingTop": "90px",
      }
    }
  >
    <div
      className="css-view-1dbjc4n r-width-13qz1uu"
      style={
        Object {
          "zIndex": 5000,
        }
      }
    >
      <div
        className="css-view-1dbjc4n r-backgroundColor-zes02y r-borderRadius-1ylenci r-borderWidth-1yadl64 r-cursor-1loqt21 r-margin-7yx52t r-paddingHorizontal-d9fdf6 r-pointerEvents-105ug2t r-touchAction-1otgn73 r-transitionProperty-1i6wzkk r-userSelect-lrvibr r-width-1uc72sb"
        onClick={[Function]}
        onContextMenu={[Function]}
        onKeyDown={[Function]}
        style={
          Object {
            "WebkitTransitionDuration": "0s",
            "transitionDuration": "0s",
            "zIndex": 5000,
          }
        }
        tabIndex="0"
      >
        <div
          className="css-text-901oao r-flex-13awgt0"
          dir="auto"
          style={
            Object {
              "color": "rgba(54,54,53,1.00)",
              "fontFamily": "Caviar_Dreams_Bold",
              "fontSize": "24px",
            }
          }
        >
          Select an item
        </div>
        <div
          className="css-view-1dbjc4n"
        >
          <div
            className="css-view-1dbjc4n r-flexBasis-1mlwlqe r-overflow-1udh08x r-zIndex-417010"
            style={
              Object {
                "height": "20px",
                "width": "20px",
              }
            }
          >
            <div
              className="css-view-1dbjc4n r-backgroundColor-1niwhzg r-backgroundPosition-vvn4in r-backgroundRepeat-u6sd8q r-backgroundSize-4gszlv r-bottom-1p0dtai r-height-1pi2tsx r-left-1d2f490 r-position-u8s1d r-right-zchlnj r-top-ipm5af r-width-13qz1uu r-zIndex-1wyyakw"
              suppressHydrationWarning={true}
            />
          </div>
        </div>
      </div>
    </div>
    <div
      className="css-view-1dbjc4n r-flex-13awgt0"
      style={
        Object {
          "marginBottom": "20px",
          "marginTop": "20px",
        }
      }
    >
      <div
        className="css-view-1dbjc4n r-WebkitOverflowScrolling-150rngu r-flexDirection-eqz5dr r-flexGrow-16y2uox r-flexShrink-1wbh5a2 r-overflowX-11yh6sk r-overflowY-1rnoaur r-transform-1sncvnh"
        onScroll={[Function]}
        onTouchEnd={[Function]}
        onTouchMove={[Function]}
        onTouchStart={[Function]}
        onWheel={[Function]}
      >
        <div
          className="css-view-1dbjc4n"
        >
          <div
            className="css-view-1dbjc4n"
          >
            <div
              className="css-view-1dbjc4n"
            >
              <div
                className="css-view-1dbjc4n r-bottom-1p0dtai r-left-1d2f490 r-overflow-1udh08x r-position-u8s1d r-right-zchlnj r-top-ipm5af r-width-1h2t8mc r-zIndex-184en5c"
                style={
                  Object {
                    "height": "0px",
                  }
                }
              >
                <div
                  className="css-view-1dbjc4n r-backgroundColor-u5wzg0"
                  style={
                    Object {
                      "borderBottomColor": "rgba(0,166,251,1.00)",
                      "borderLeftColor": "rgba(0,166,251,1.00)",
                      "borderRightColor": "rgba(0,166,251,1.00)",
                      "borderTopColor": "rgba(0,166,251,1.00)",
                      "height": "0px",
                    }
                  }
                />
              </div>
              <div
                className="css-view-1dbjc4n r-zIndex-136ojw6"
                id="animatedComponent"
                onClickCapture={[Function]}
                style={
                  Object {
                    "WebkitTransform": "translateX(0px)",
                    "transform": "translateX(0px)",
                  }
                }
              >
                <div
                  className="css-view-1dbjc4n r-cursor-1loqt21 r-touchAction-1otgn73"
                  onBlur={[Function]}
                  onClick={[Function]}
                  onContextMenu={[Function]}
                  onFocus={[Function]}
                  onKeyDown={[Function]}
                  tabIndex="0"
                >
                  <div
                    className="css-view-1dbjc4n r-boxShadow-hjnf4s r-elevation-1quu1zo"
                    style={
                      Object {
                        "backgroundColor": "rgba(54,54,53,1.00)",
                        "borderBottomColor": "rgba(54,54,53,1.00)",
                        "borderLeftColor": "rgba(54,54,53,1.00)",
                        "borderRightColor": "rgba(54,54,53,1.00)",
                        "borderTopColor": "rgba(54,54,53,1.00)",
                      }
                    }
                  >
                    <div
                      className="css-text-901oao"
                      dir="auto"
                      style={
                        Object {
                          "color": "rgba(246,240,237,1.00)",
                          "textDecoration": "none",
                        }
                      }
                    >
                      test activity
                    </div>
                    <div
                      className="css-view-1dbjc4n"
                    />
                  </div>
                </div>
              </div>
            </div>
          </div>
        </div>
      </div>
    </div>
    <div
      className="css-view-1dbjc4n r-alignItems-1awozwy r-bottom-1p0dtai r-flexDirection-18u37iz r-justifyContent-17s6mgv r-margin-7yx52t r-padding-txj6sj r-position-u8s1d r-right-7h6s76 r-width-1h2t8mc"
    >
      <div
        className="css-view-1dbjc4n r-alignItems-1awozwy r-backgroundColor-zes02y r-borderRadius-1h84pjw r-boxShadow-hjnf4s r-color-1cwaruh r-cursor-1loqt21 r-elevation-1quu1zo r-height-1ugchlj r-justifyContent-1777fci r-touchAction-1otgn73 r-transitionProperty-1i6wzkk r-userSelect-lrvibr r-width-usgzl9"
        onClick={[Function]}
        onContextMenu={[Function]}
        onKeyDown={[Function]}
        style={
          Object {
            "WebkitTransitionDuration": "0s",
            "transitionDuration": "0s",
          }
        }
        tabIndex="0"
      >
        <div
          className="css-text-901oao"
          dir="auto"
          style={
            Object {
              "fontFamily": "Caviar_Dreams_Bold",
              "fontSize": "24px",
            }
          }
        >
          +
        </div>
      </div>
    </div>
  </div>,
]
`;
