// Jest Snapshot v1, https://goo.gl/fbAQLP

exports[`SettingsPage test against snapshot 1`] = `
Array [
  <div
    className="css-view-1dbjc4n r-alignItems-1awozwy r-backgroundColor-u5wzg0 r-display-6koalj r-flexDirection-18u37iz r-height-1ph75f1 r-paddingHorizontal-1j3t67a r-paddingTop-sg165l r-position-u8s1d r-width-13qz1uu r-zIndex-136ojw6"
  >
    <div
      className="css-view-1dbjc4n r-cursor-1loqt21 r-touchAction-1otgn73 r-transitionProperty-1i6wzkk r-userSelect-lrvibr"
      onClick={[Function]}
      onContextMenu={[Function]}
      onKeyDown={[Function]}
      role="menu"
      style={
        Object {
          "WebkitTransitionDuration": "0s",
          "transitionDuration": "0s",
        }
      }
      tabIndex="0"
    >
      <div
        className="css-view-1dbjc4n"
      />
    </div>
    <div
      className="css-text-901oao"
      dir="auto"
      style={
        Object {
          "color": "rgba(54,54,53,1.00)",
          "fontSize": "18px",
          "marginLeft": "10px",
        }
      }
    >
      Settings
    </div>
  </div>,
  <div
    className="css-view-1dbjc4n r-backgroundColor-u5wzg0"
    style={
      Object {
        "height": "100%",
        "paddingLeft": "4%",
        "paddingRight": "4%",
        "paddingTop": "90px",
      }
    }
  >
    <div
      className="css-view-1dbjc4n r-alignItems-1awozwy r-width-13qz1uu"
      style={
        Object {
          "paddingTop": "4%",
        }
      }
    >
      <div
        className="css-view-1dbjc4n"
      />
      <div
        className="css-text-901oao"
        dir="auto"
        style={
          Object {
            "color": "rgba(54,54,53,1.00)",
            "fontFamily": "Caviar_Dreams_Bold",
            "fontSize": "24px",
            "paddingBottom": "4%",
            "paddingLeft": "4%",
            "paddingRight": "4%",
            "paddingTop": "4%",
          }
        }
      >
        tester
      </div>
    </div>
    <div
      className="css-view-1dbjc4n r-backgroundColor-u5wzg0 r-borderRadius-1ylenci"
      style={
        Object {
          "marginBottom": "4%",
          "marginLeft": "4%",
          "marginRight": "4%",
          "marginTop": "4%",
          "overflowX": "hidden",
          "overflowY": "hidden",
        }
      }
    >
      <div
        className="css-view-1dbjc4n r-flexDirection-18u37iz"
      >
        <div
          className="css-text-901oao"
          dir="auto"
          style={
            Object {
              "minWidth": "143px",
            }
          }
        >
          Display name
        </div>
        <input
          autoCapitalize="sentences"
          autoComplete="on"
          autoCorrect="on"
          className="css-textinput-11aywtz r-backgroundColor-zes02y"
          dir="auto"
          onBlur={[Function]}
          onChange={[Function]}
          onFocus={[Function]}
          onKeyDown={[Function]}
          onSelect={[Function]}
          placeholder="Enter your name"
          readOnly={false}
          spellCheck={true}
          style={
            Object {
              "WebkitFlex": 1,
              "flex": 1,
              "fontFamily": "Fredoka_Regular",
              "fontSize": "18px",
              "msFlex": "1 1 0%",
              "paddingBottom": "4%",
              "paddingLeft": "4%",
              "paddingRight": "4%",
              "paddingTop": "4%",
            }
          }
          type="text"
          value={null}
        />
      </div>
      <div
        className="css-view-1dbjc4n r-flexDirection-18u37iz"
        style={
          Object {
            "paddingBottom": "2%",
            "paddingTop": "2%",
          }
        }
      >
        <div
          className="css-text-901oao"
          dir="auto"
          style={
            Object {
              "minWidth": "143px",
            }
          }
        >
          Password
        </div>
        <input
          autoCapitalize="sentences"
          autoComplete="on"
          autoCorrect="on"
          className="css-textinput-11aywtz r-backgroundColor-zes02y"
          dir="auto"
          onBlur={[Function]}
          onChange={[Function]}
          onFocus={[Function]}
          onKeyDown={[Function]}
          onSelect={[Function]}
          placeholder="Enter new password"
          readOnly={false}
          spellCheck={true}
          style={
            Object {
              "WebkitFlex": 1,
              "flex": 1,
              "fontFamily": "Fredoka_Regular",
              "fontSize": "16px",
              "msFlex": "1 1 0%",
              "paddingLeft": "4%",
              "paddingRight": "4%",
            }
          }
          type="password"
          value=""
        />
      </div>
      <div
        className="css-view-1dbjc4n r-flexDirection-18u37iz"
      >
        <div
          className="css-text-901oao"
          dir="auto"
          style={
            Object {
              "minWidth": "143px",
            }
          }
        >
          Range: 
          750
          m
        </div>
        <div
          className="css-view-1dbjc4n r-backgroundColor-zes02y"
          style={
            Object {
              "WebkitFlex": 1,
              "flex": 1,
              "msFlex": "1 1 0%",
              "paddingBottom": "1%",
              "paddingLeft": "4%",
              "paddingRight": "4%",
              "paddingTop": "1%",
            }
          }
        >
          <div
            className="css-view-1dbjc4n"
            style={
              Object {
                "WebkitBoxPack": "center",
                "WebkitJustifyContent": "center",
                "height": "40px",
                "justifyContent": "center",
                "msFlexPack": "center",
              }
            }
          >
            <div
              className="css-view-1dbjc4n"
              style={
                Object {
                  "backgroundColor": "rgba(179,179,179,1.00)",
                  "borderBottomLeftRadius": "2px",
                  "borderBottomRightRadius": "2px",
                  "borderTopLeftRadius": "2px",
                  "borderTopRightRadius": "2px",
                  "height": "4px",
                }
              }
            />
            <div
              className="css-view-1dbjc4n r-position-u8s1d"
              id="animatedComponent"
              style={
                Object {
                  "backgroundColor": "rgba(63,63,63,1.00)",
                  "borderBottomLeftRadius": "2px",
                  "borderBottomRightRadius": "2px",
                  "borderTopLeftRadius": "2px",
                  "borderTopRightRadius": "2px",
                  "height": "4px",
                  "left": "0px",
                  "opacity": 0,
                  "width": "0px",
                }
              }
            />
            <div
              className="css-view-1dbjc4n r-backgroundColor-u5wzg0 r-position-u8s1d"
              id="animatedComponent"
              style={
                Object {
                  "WebkitTransform": "translateX(0px) translateY(0px)",
                  "borderBottomLeftRadius": "10px",
                  "borderBottomRightRadius": "10px",
                  "borderTopLeftRadius": "10px",
                  "borderTopRightRadius": "10px",
                  "height": "20px",
                  "opacity": 0,
                  "transform": "translateX(0px) translateY(0px)",
                  "width": "20px",
                }
              }
            />
            <div
              className="css-view-1dbjc4n r-position-u8s1d"
              onClickCapture={[Function]}
              style={
                Object {
                  "backgroundColor": "rgba(0,0,0,0.00)",
                  "bottom": "0px",
                  "left": "0px",
                  "marginBottom": "-20px",
                  "marginLeft": "-20px",
                  "marginRight": "-20px",
                  "marginTop": "-20px",
                  "right": "0px",
                  "top": "0px",
                }
              }
            />
          </div>
        </div>
      </div>
      <div
        className="css-text-901oao"
        dir="auto"
        style={
          Object {
            "marginTop": "2%",
          }
        }
      >
        Logout
      </div>
    </div>
  </div>,
]
`;
